// Jest Snapshot v1, https://goo.gl/fbAQLP

exports[`<Comment /> should match snapshot 1`] = `
ShallowWrapper {
  "length": 1,
  Symbol(enzyme.__root__): [Circular],
  Symbol(enzyme.__unrendered__): <Comment />,
  Symbol(enzyme.__renderer__): Object {
    "batchedUpdates": [Function],
    "getNode": [Function],
    "render": [Function],
    "simulateEvent": [Function],
    "unmount": [Function],
  },
  Symbol(enzyme.__node__): Object {
    "instance": null,
    "key": undefined,
    "nodeType": "host",
    "props": Object {
      "children": Array [
        <h4
          className="comments-header"
>
          Comments:
</h4>,
        <p
          className="comment"
>
          I am the comment and I am a really great comment!!!
</p>,
        <ul>
          <li>
                    From: Amy
          </li>
          <li>
                    Date: December 28, 2018
          </li>
</ul>,
        <p
          className="comment"
>
          I am ANOTHER comment and I am a really great comment!!!
</p>,
        <ul>
          <li>
                    From: Amy
          </li>
          <li>
                    Date: December 28, 2018
          </li>
</ul>,
      ],
      "className": "comment-section",
    },
    "ref": null,
    "rendered": Array [
      Object {
        "instance": null,
        "key": undefined,
        "nodeType": "host",
        "props": Object {
          "children": "Comments:",
          "className": "comments-header",
        },
        "ref": null,
        "rendered": "Comments:",
        "type": "h4",
      },
      Object {
        "instance": null,
        "key": undefined,
        "nodeType": "host",
        "props": Object {
          "children": "I am the comment and I am a really great comment!!!",
          "className": "comment",
        },
        "ref": null,
        "rendered": "I am the comment and I am a really great comment!!!",
        "type": "p",
      },
      Object {
        "instance": null,
        "key": undefined,
        "nodeType": "host",
        "props": Object {
          "children": Array [
            <li>
              From: Amy
</li>,
            <li>
              Date: December 28, 2018
</li>,
          ],
        },
        "ref": null,
        "rendered": Array [
          Object {
            "instance": null,
            "key": undefined,
            "nodeType": "host",
            "props": Object {
              "children": "From: Amy",
            },
            "ref": null,
            "rendered": "From: Amy",
            "type": "li",
          },
          Object {
            "instance": null,
            "key": undefined,
            "nodeType": "host",
            "props": Object {
              "children": "Date: December 28, 2018",
            },
            "ref": null,
            "rendered": "Date: December 28, 2018",
            "type": "li",
          },
        ],
        "type": "ul",
      },
      Object {
        "instance": null,
        "key": undefined,
        "nodeType": "host",
        "props": Object {
          "children": "I am ANOTHER comment and I am a really great comment!!!",
          "className": "comment",
        },
        "ref": null,
        "rendered": "I am ANOTHER comment and I am a really great comment!!!",
        "type": "p",
      },
      Object {
        "instance": null,
        "key": undefined,
        "nodeType": "host",
        "props": Object {
          "children": Array [
            <li>
              From: Amy
</li>,
            <li>
              Date: December 28, 2018
</li>,
          ],
        },
        "ref": null,
        "rendered": Array [
          Object {
            "instance": null,
            "key": undefined,
            "nodeType": "host",
            "props": Object {
              "children": "From: Amy",
            },
            "ref": null,
            "rendered": "From: Amy",
            "type": "li",
          },
          Object {
            "instance": null,
            "key": undefined,
            "nodeType": "host",
            "props": Object {
              "children": "Date: December 28, 2018",
            },
            "ref": null,
            "rendered": "Date: December 28, 2018",
            "type": "li",
          },
        ],
        "type": "ul",
      },
    ],
    "type": "article",
  },
  Symbol(enzyme.__nodes__): Array [
    Object {
      "instance": null,
      "key": undefined,
      "nodeType": "host",
      "props": Object {
        "children": Array [
          <h4
            className="comments-header"
>
            Comments:
</h4>,
          <p
            className="comment"
>
            I am the comment and I am a really great comment!!!
</p>,
          <ul>
            <li>
                        From: Amy
            </li>
            <li>
                        Date: December 28, 2018
            </li>
</ul>,
          <p
            className="comment"
>
            I am ANOTHER comment and I am a really great comment!!!
</p>,
          <ul>
            <li>
                        From: Amy
            </li>
            <li>
                        Date: December 28, 2018
            </li>
</ul>,
        ],
        "className": "comment-section",
      },
      "ref": null,
      "rendered": Array [
        Object {
          "instance": null,
          "key": undefined,
          "nodeType": "host",
          "props": Object {
            "children": "Comments:",
            "className": "comments-header",
          },
          "ref": null,
          "rendered": "Comments:",
          "type": "h4",
        },
        Object {
          "instance": null,
          "key": undefined,
          "nodeType": "host",
          "props": Object {
            "children": "I am the comment and I am a really great comment!!!",
            "className": "comment",
          },
          "ref": null,
          "rendered": "I am the comment and I am a really great comment!!!",
          "type": "p",
        },
        Object {
          "instance": null,
          "key": undefined,
          "nodeType": "host",
          "props": Object {
            "children": Array [
              <li>
                From: Amy
</li>,
              <li>
                Date: December 28, 2018
</li>,
            ],
          },
          "ref": null,
          "rendered": Array [
            Object {
              "instance": null,
              "key": undefined,
              "nodeType": "host",
              "props": Object {
                "children": "From: Amy",
              },
              "ref": null,
              "rendered": "From: Amy",
              "type": "li",
            },
            Object {
              "instance": null,
              "key": undefined,
              "nodeType": "host",
              "props": Object {
                "children": "Date: December 28, 2018",
              },
              "ref": null,
              "rendered": "Date: December 28, 2018",
              "type": "li",
            },
          ],
          "type": "ul",
        },
        Object {
          "instance": null,
          "key": undefined,
          "nodeType": "host",
          "props": Object {
            "children": "I am ANOTHER comment and I am a really great comment!!!",
            "className": "comment",
          },
          "ref": null,
          "rendered": "I am ANOTHER comment and I am a really great comment!!!",
          "type": "p",
        },
        Object {
          "instance": null,
          "key": undefined,
          "nodeType": "host",
          "props": Object {
            "children": Array [
              <li>
                From: Amy
</li>,
              <li>
                Date: December 28, 2018
</li>,
            ],
          },
          "ref": null,
          "rendered": Array [
            Object {
              "instance": null,
              "key": undefined,
              "nodeType": "host",
              "props": Object {
                "children": "From: Amy",
              },
              "ref": null,
              "rendered": "From: Amy",
              "type": "li",
            },
            Object {
              "instance": null,
              "key": undefined,
              "nodeType": "host",
              "props": Object {
                "children": "Date: December 28, 2018",
              },
              "ref": null,
              "rendered": "Date: December 28, 2018",
              "type": "li",
            },
          ],
          "type": "ul",
        },
      ],
      "type": "article",
    },
  ],
  Symbol(enzyme.__options__): Object {
    "adapter": ReactSixteenAdapter {
      "options": Object {
        "enableComponentDidUpdateOnSetState": true,
      },
    },
  },
}
`;
