// Jest Snapshot v1, https://goo.gl/fbAQLP

exports[`<DiscussionCard /> should match snapshot 1`] = `
ShallowWrapper {
  "length": 1,
  Symbol(enzyme.__root__): [Circular],
  Symbol(enzyme.__unrendered__): <DiscussionCard
    comments={
        Array [
            Object {
              "comments": Array [
                Object {
                  "comment": "Yes but it's important",
                  "discussionId": 1,
                  "id": 1,
                },
              ],
            },
          ]
    }
    discussion={
        Array [
            Object {
              "body": "Didn't kids get this in Grade 5? I'm confused about why it's in the standards.",
              "id": 1,
              "tagTitle": "6.RP.A.1",
              "title": "Unit Rate",
            },
          ]
    }
/>,
  Symbol(enzyme.__renderer__): Object {
    "batchedUpdates": [Function],
    "getNode": [Function],
    "render": [Function],
    "simulateEvent": [Function],
    "unmount": [Function],
  },
  Symbol(enzyme.__node__): Object {
    "instance": null,
    "key": undefined,
    "nodeType": "host",
    "props": Object {
      "children": Array [
        <section
          className="top-card"
>
          <div
                    className="card-title-container"
          >
                    <h4
                              className="card-title"
                    />
                    <p
                              className="card-tag"
                    />
          </div>
          <p
                    className="card-body"
          />
</section>,
        <button
          className="show-more-btn"
          onClick={[Function]}
>
          <p
                    className="show-more-less-text"
          >
                    More
          </p>
</button>,
        undefined,
        undefined,
        undefined,
      ],
      "className": "card",
    },
    "ref": null,
    "rendered": Array [
      Object {
        "instance": null,
        "key": undefined,
        "nodeType": "host",
        "props": Object {
          "children": Array [
            <div
              className="card-title-container"
>
              <h4
                            className="card-title"
              />
              <p
                            className="card-tag"
              />
</div>,
            <p
              className="card-body"
/>,
          ],
          "className": "top-card",
        },
        "ref": null,
        "rendered": Array [
          Object {
            "instance": null,
            "key": undefined,
            "nodeType": "host",
            "props": Object {
              "children": Array [
                <h4
                  className="card-title"
/>,
                <p
                  className="card-tag"
/>,
              ],
              "className": "card-title-container",
            },
            "ref": null,
            "rendered": Array [
              Object {
                "instance": null,
                "key": undefined,
                "nodeType": "host",
                "props": Object {
                  "children": undefined,
                  "className": "card-title",
                },
                "ref": null,
                "rendered": null,
                "type": "h4",
              },
              Object {
                "instance": null,
                "key": undefined,
                "nodeType": "host",
                "props": Object {
                  "children": undefined,
                  "className": "card-tag",
                },
                "ref": null,
                "rendered": null,
                "type": "p",
              },
            ],
            "type": "div",
          },
          Object {
            "instance": null,
            "key": undefined,
            "nodeType": "host",
            "props": Object {
              "children": undefined,
              "className": "card-body",
            },
            "ref": null,
            "rendered": null,
            "type": "p",
          },
        ],
        "type": "section",
      },
      Object {
        "instance": null,
        "key": undefined,
        "nodeType": "host",
        "props": Object {
          "children": <p
            className="show-more-less-text"
>
            More
</p>,
          "className": "show-more-btn",
          "onClick": [Function],
        },
        "ref": null,
        "rendered": Object {
          "instance": null,
          "key": undefined,
          "nodeType": "host",
          "props": Object {
            "children": "More",
            "className": "show-more-less-text",
          },
          "ref": null,
          "rendered": "More",
          "type": "p",
        },
        "type": "button",
      },
      undefined,
      undefined,
      undefined,
    ],
    "type": "article",
  },
  Symbol(enzyme.__nodes__): Array [
    Object {
      "instance": null,
      "key": undefined,
      "nodeType": "host",
      "props": Object {
        "children": Array [
          <section
            className="top-card"
>
            <div
                        className="card-title-container"
            >
                        <h4
                                    className="card-title"
                        />
                        <p
                                    className="card-tag"
                        />
            </div>
            <p
                        className="card-body"
            />
</section>,
          <button
            className="show-more-btn"
            onClick={[Function]}
>
            <p
                        className="show-more-less-text"
            >
                        More
            </p>
</button>,
          undefined,
          undefined,
          undefined,
        ],
        "className": "card",
      },
      "ref": null,
      "rendered": Array [
        Object {
          "instance": null,
          "key": undefined,
          "nodeType": "host",
          "props": Object {
            "children": Array [
              <div
                className="card-title-container"
>
                <h4
                                className="card-title"
                />
                <p
                                className="card-tag"
                />
</div>,
              <p
                className="card-body"
/>,
            ],
            "className": "top-card",
          },
          "ref": null,
          "rendered": Array [
            Object {
              "instance": null,
              "key": undefined,
              "nodeType": "host",
              "props": Object {
                "children": Array [
                  <h4
                    className="card-title"
/>,
                  <p
                    className="card-tag"
/>,
                ],
                "className": "card-title-container",
              },
              "ref": null,
              "rendered": Array [
                Object {
                  "instance": null,
                  "key": undefined,
                  "nodeType": "host",
                  "props": Object {
                    "children": undefined,
                    "className": "card-title",
                  },
                  "ref": null,
                  "rendered": null,
                  "type": "h4",
                },
                Object {
                  "instance": null,
                  "key": undefined,
                  "nodeType": "host",
                  "props": Object {
                    "children": undefined,
                    "className": "card-tag",
                  },
                  "ref": null,
                  "rendered": null,
                  "type": "p",
                },
              ],
              "type": "div",
            },
            Object {
              "instance": null,
              "key": undefined,
              "nodeType": "host",
              "props": Object {
                "children": undefined,
                "className": "card-body",
              },
              "ref": null,
              "rendered": null,
              "type": "p",
            },
          ],
          "type": "section",
        },
        Object {
          "instance": null,
          "key": undefined,
          "nodeType": "host",
          "props": Object {
            "children": <p
              className="show-more-less-text"
>
              More
</p>,
            "className": "show-more-btn",
            "onClick": [Function],
          },
          "ref": null,
          "rendered": Object {
            "instance": null,
            "key": undefined,
            "nodeType": "host",
            "props": Object {
              "children": "More",
              "className": "show-more-less-text",
            },
            "ref": null,
            "rendered": "More",
            "type": "p",
          },
          "type": "button",
        },
        undefined,
        undefined,
        undefined,
      ],
      "type": "article",
    },
  ],
  Symbol(enzyme.__options__): Object {
    "adapter": ReactSixteenAdapter {
      "options": Object {
        "enableComponentDidUpdateOnSetState": true,
      },
    },
  },
}
`;
