// Jest Snapshot v1, https://goo.gl/fbAQLP

exports[`<FilterSection /> should match snapshot 1`] = `undefined`;
