// Jest Snapshot v1, https://goo.gl/fbAQLP

exports[`<Header /> should match snapshot 1`] = `
ShallowWrapper {
  "length": 1,
  Symbol(enzyme.__root__): [Circular],
  Symbol(enzyme.__unrendered__): <Header />,
  Symbol(enzyme.__renderer__): Object {
    "batchedUpdates": [Function],
    "getNode": [Function],
    "render": [Function],
    "simulateEvent": [Function],
    "unmount": [Function],
  },
  Symbol(enzyme.__node__): Object {
    "instance": null,
    "key": undefined,
    "nodeType": "host",
    "props": Object {
      "children": Array [
        <div
          className="header-icon-container"
        >
          <Link
            className="header-link"
            replace={false}
            to="/"
          >
            <h1
              className="app-name"
            >
              Edvice
            </h1>
          </Link>
          <div
            className="header-image"
          />
        </div>,
        undefined,
      ],
      "className": "header",
    },
    "ref": null,
    "rendered": Array [
      Object {
        "instance": null,
        "key": undefined,
        "nodeType": "host",
        "props": Object {
          "children": Array [
            <Link
              className="header-link"
              replace={false}
              to="/"
            >
              <h1
                className="app-name"
              >
                Edvice
              </h1>
            </Link>,
            <div
              className="header-image"
            />,
          ],
          "className": "header-icon-container",
        },
        "ref": null,
        "rendered": Array [
          Object {
            "instance": null,
            "key": undefined,
            "nodeType": "class",
            "props": Object {
              "children": <h1
                className="app-name"
              >
                Edvice
              </h1>,
              "className": "header-link",
              "replace": false,
              "to": "/",
            },
            "ref": null,
            "rendered": Object {
              "instance": null,
              "key": undefined,
              "nodeType": "host",
              "props": Object {
                "children": "Edvice",
                "className": "app-name",
              },
              "ref": null,
              "rendered": "Edvice",
              "type": "h1",
            },
            "type": [Function],
          },
          Object {
            "instance": null,
            "key": undefined,
            "nodeType": "host",
            "props": Object {
              "className": "header-image",
            },
            "ref": null,
            "rendered": null,
            "type": "div",
          },
        ],
        "type": "div",
      },
      undefined,
    ],
    "type": "header",
  },
  Symbol(enzyme.__nodes__): Array [
    Object {
      "instance": null,
      "key": undefined,
      "nodeType": "host",
      "props": Object {
        "children": Array [
          <div
            className="header-icon-container"
          >
            <Link
              className="header-link"
              replace={false}
              to="/"
            >
              <h1
                className="app-name"
              >
                Edvice
              </h1>
            </Link>
            <div
              className="header-image"
            />
          </div>,
          undefined,
        ],
        "className": "header",
      },
      "ref": null,
      "rendered": Array [
        Object {
          "instance": null,
          "key": undefined,
          "nodeType": "host",
          "props": Object {
            "children": Array [
              <Link
                className="header-link"
                replace={false}
                to="/"
              >
                <h1
                  className="app-name"
                >
                  Edvice
                </h1>
              </Link>,
              <div
                className="header-image"
              />,
            ],
            "className": "header-icon-container",
          },
          "ref": null,
          "rendered": Array [
            Object {
              "instance": null,
              "key": undefined,
              "nodeType": "class",
              "props": Object {
                "children": <h1
                  className="app-name"
                >
                  Edvice
                </h1>,
                "className": "header-link",
                "replace": false,
                "to": "/",
              },
              "ref": null,
              "rendered": Object {
                "instance": null,
                "key": undefined,
                "nodeType": "host",
                "props": Object {
                  "children": "Edvice",
                  "className": "app-name",
                },
                "ref": null,
                "rendered": "Edvice",
                "type": "h1",
              },
              "type": [Function],
            },
            Object {
              "instance": null,
              "key": undefined,
              "nodeType": "host",
              "props": Object {
                "className": "header-image",
              },
              "ref": null,
              "rendered": null,
              "type": "div",
            },
          ],
          "type": "div",
        },
        undefined,
      ],
      "type": "header",
    },
  ],
  Symbol(enzyme.__options__): Object {
    "adapter": ReactSixteenAdapter {
      "options": Object {
        "enableComponentDidUpdateOnSetState": true,
      },
    },
  },
}
`;
