// Jest Snapshot v1, https://goo.gl/fbAQLP

exports[`<Nav /> should match snapshot 1`] = `
ShallowWrapper {
  "length": 1,
  Symbol(enzyme.__root__): [Circular],
  Symbol(enzyme.__unrendered__): <Nav />,
  Symbol(enzyme.__renderer__): Object {
    "batchedUpdates": [Function],
    "getNode": [Function],
    "render": [Function],
    "simulateEvent": [Function],
    "unmount": [Function],
  },
  Symbol(enzyme.__node__): Object {
    "instance": null,
    "key": undefined,
    "nodeType": "host",
    "props": Object {
      "children": Array [
        <Connect(Search)
          filteredDiscussions={undefined}
          handleSearch={undefined}
          renderDiscussions={undefined}
          renderFilteredDiscussions={undefined}
/>,
        <button
          className="filter-btn"
          onClick={[Function]}
>
          <h4
                    className="standard-option"
          >
                    Standards
          </h4>
</button>,
        <button
          className="toggle-discussion-form-btn"
          onClick={[Function]}
          value="form"
>
          <h4
                    className="new-discussion-option"
          >
                    New Discussion
          </h4>
</button>,
        <button
          className="toggle-discussions-btn"
          onClick={[Function]}
          value="form"
>
          <h4
                    className="new-discussion-option"
          >
                    All Discussions
          </h4>
</button>,
      ],
      "className": "nav",
    },
    "ref": null,
    "rendered": Array [
      Object {
        "instance": null,
        "key": undefined,
        "nodeType": "class",
        "props": Object {
          "filteredDiscussions": undefined,
          "handleSearch": undefined,
          "renderDiscussions": undefined,
          "renderFilteredDiscussions": undefined,
        },
        "ref": null,
        "rendered": null,
        "type": [Function],
      },
      Object {
        "instance": null,
        "key": undefined,
        "nodeType": "host",
        "props": Object {
          "children": <h4
            className="standard-option"
>
            Standards
</h4>,
          "className": "filter-btn",
          "onClick": [Function],
        },
        "ref": null,
        "rendered": Object {
          "instance": null,
          "key": undefined,
          "nodeType": "host",
          "props": Object {
            "children": "Standards",
            "className": "standard-option",
          },
          "ref": null,
          "rendered": "Standards",
          "type": "h4",
        },
        "type": "button",
      },
      Object {
        "instance": null,
        "key": undefined,
        "nodeType": "host",
        "props": Object {
          "children": <h4
            className="new-discussion-option"
>
            New Discussion
</h4>,
          "className": "toggle-discussion-form-btn",
          "onClick": [Function],
          "value": "form",
        },
        "ref": null,
        "rendered": Object {
          "instance": null,
          "key": undefined,
          "nodeType": "host",
          "props": Object {
            "children": "New Discussion",
            "className": "new-discussion-option",
          },
          "ref": null,
          "rendered": "New Discussion",
          "type": "h4",
        },
        "type": "button",
      },
      Object {
        "instance": null,
        "key": undefined,
        "nodeType": "host",
        "props": Object {
          "children": <h4
            className="new-discussion-option"
>
            All Discussions
</h4>,
          "className": "toggle-discussions-btn",
          "onClick": [Function],
          "value": "form",
        },
        "ref": null,
        "rendered": Object {
          "instance": null,
          "key": undefined,
          "nodeType": "host",
          "props": Object {
            "children": "All Discussions",
            "className": "new-discussion-option",
          },
          "ref": null,
          "rendered": "All Discussions",
          "type": "h4",
        },
        "type": "button",
      },
    ],
    "type": "div",
  },
  Symbol(enzyme.__nodes__): Array [
    Object {
      "instance": null,
      "key": undefined,
      "nodeType": "host",
      "props": Object {
        "children": Array [
          <Connect(Search)
            filteredDiscussions={undefined}
            handleSearch={undefined}
            renderDiscussions={undefined}
            renderFilteredDiscussions={undefined}
/>,
          <button
            className="filter-btn"
            onClick={[Function]}
>
            <h4
                        className="standard-option"
            >
                        Standards
            </h4>
</button>,
          <button
            className="toggle-discussion-form-btn"
            onClick={[Function]}
            value="form"
>
            <h4
                        className="new-discussion-option"
            >
                        New Discussion
            </h4>
</button>,
          <button
            className="toggle-discussions-btn"
            onClick={[Function]}
            value="form"
>
            <h4
                        className="new-discussion-option"
            >
                        All Discussions
            </h4>
</button>,
        ],
        "className": "nav",
      },
      "ref": null,
      "rendered": Array [
        Object {
          "instance": null,
          "key": undefined,
          "nodeType": "class",
          "props": Object {
            "filteredDiscussions": undefined,
            "handleSearch": undefined,
            "renderDiscussions": undefined,
            "renderFilteredDiscussions": undefined,
          },
          "ref": null,
          "rendered": null,
          "type": [Function],
        },
        Object {
          "instance": null,
          "key": undefined,
          "nodeType": "host",
          "props": Object {
            "children": <h4
              className="standard-option"
>
              Standards
</h4>,
            "className": "filter-btn",
            "onClick": [Function],
          },
          "ref": null,
          "rendered": Object {
            "instance": null,
            "key": undefined,
            "nodeType": "host",
            "props": Object {
              "children": "Standards",
              "className": "standard-option",
            },
            "ref": null,
            "rendered": "Standards",
            "type": "h4",
          },
          "type": "button",
        },
        Object {
          "instance": null,
          "key": undefined,
          "nodeType": "host",
          "props": Object {
            "children": <h4
              className="new-discussion-option"
>
              New Discussion
</h4>,
            "className": "toggle-discussion-form-btn",
            "onClick": [Function],
            "value": "form",
          },
          "ref": null,
          "rendered": Object {
            "instance": null,
            "key": undefined,
            "nodeType": "host",
            "props": Object {
              "children": "New Discussion",
              "className": "new-discussion-option",
            },
            "ref": null,
            "rendered": "New Discussion",
            "type": "h4",
          },
          "type": "button",
        },
        Object {
          "instance": null,
          "key": undefined,
          "nodeType": "host",
          "props": Object {
            "children": <h4
              className="new-discussion-option"
>
              All Discussions
</h4>,
            "className": "toggle-discussions-btn",
            "onClick": [Function],
            "value": "form",
          },
          "ref": null,
          "rendered": Object {
            "instance": null,
            "key": undefined,
            "nodeType": "host",
            "props": Object {
              "children": "All Discussions",
              "className": "new-discussion-option",
            },
            "ref": null,
            "rendered": "All Discussions",
            "type": "h4",
          },
          "type": "button",
        },
      ],
      "type": "div",
    },
  ],
  Symbol(enzyme.__options__): Object {
    "adapter": ReactSixteenAdapter {
      "options": Object {
        "enableComponentDidUpdateOnSetState": true,
      },
    },
  },
}
`;
